Using pre-set license
Built from '6000.0/respin/6000.0.58f2-44b8bf3a32' branch; Version is '6000.0.58f2 (92dee566b325) revision 9625317'; Using compiler version '193933523'; Build Type 'Release'
OS: 'Windows 11  (10.0.26200) 64bit Professional' Language: 'en' Physical Memory: 7876 MB
BatchMode: 1, IsHumanControllingUs: 0, StartBugReporterOnCrash: 0, Is64bit: 1
Date: 2025-11-24T13:10:01Z

COMMAND LINE ARGUMENTS:
C:\Program Files\Unity\Hub\Editor\6000.0.58f2-x86_64\Editor\Unity.exe
-adb2
-batchMode
-noUpm
-name
AssetImportWorker1
-projectPath
C:/Users/JordanDrakes/OneDrive - The Academy Charter School/Top-Down-Adventure/Top-Down-Adventure/Totality-(TDA)
-logFile
Logs/AssetImportWorker1.log
-srvPort
58759
-job-worker-count
5
-background-job-worker-count
8
-gc-helper-count
1
-name
AssetImport
Successfully changed project path to: C:/Users/JordanDrakes/OneDrive - The Academy Charter School/Top-Down-Adventure/Top-Down-Adventure/Totality-(TDA)
C:/Users/JordanDrakes/OneDrive - The Academy Charter School/Top-Down-Adventure/Top-Down-Adventure/Totality-(TDA)
[UnityMemory] Configuration Parameters - Can be set up in boot.config
    "memorysetup-bucket-allocator-granularity=16"
    "memorysetup-bucket-allocator-bucket-count=8"
    "memorysetup-bucket-allocator-block-size=33554432"
    "memorysetup-bucket-allocator-block-count=8"
    "memorysetup-main-allocator-block-size=16777216"
    "memorysetup-thread-allocator-block-size=16777216"
    "memorysetup-gfx-main-allocator-block-size=16777216"
    "memorysetup-gfx-thread-allocator-block-size=16777216"
    "memorysetup-cache-allocator-block-size=4194304"
    "memorysetup-typetree-allocator-block-size=2097152"
    "memorysetup-profiler-bucket-allocator-granularity=16"
    "memorysetup-profiler-bucket-allocator-bucket-count=8"
    "memorysetup-profiler-bucket-allocator-block-size=33554432"
    "memorysetup-profiler-bucket-allocator-block-count=8"
    "memorysetup-profiler-allocator-block-size=16777216"
    "memorysetup-profiler-editor-allocator-block-size=1048576"
    "memorysetup-temp-allocator-size-main=16777216"
    "memorysetup-job-temp-allocator-block-size=2097152"
    "memorysetup-job-temp-allocator-block-size-background=1048576"
    "memorysetup-job-temp-allocator-reduction-small-platforms=262144"
    "memorysetup-allocator-temp-initial-block-size-main=262144"
    "memorysetup-allocator-temp-initial-block-size-worker=262144"
    "memorysetup-temp-allocator-size-background-worker=32768"
    "memorysetup-temp-allocator-size-job-worker=262144"
    "memorysetup-temp-allocator-size-preload-manager=33554432"
    "memorysetup-temp-allocator-size-nav-mesh-worker=65536"
    "memorysetup-temp-allocator-size-audio-worker=65536"
    "memorysetup-temp-allocator-size-cloud-worker=32768"
    "memorysetup-temp-allocator-size-gi-baking-worker=262144"
    "memorysetup-temp-allocator-size-gi-baking-worker=262144"
    "memorysetup-temp-allocator-size-gi-baking-worker=262144"
    "memorysetup-temp-allocator-size-gi-baking-worker=262144"
    "memorysetup-temp-allocator-size-gi-baking-worker=262144"
    "memorysetup-temp-allocator-size-gfx=262144"
Player connection [21068]  Target information:

Player connection [21068]  * "[IP] 10.220.24.115 [Port] 0 [Flags] 2 [Guid] 4165548074 [EditorId] 4165548074 [Version] 1048832 [Id] WindowsEditor(7,UAC-LS-CRC69Y3) [Debug] 1 [PackageName] WindowsEditor [ProjectName] Editor" 

Player connection [21068] Host joined multi-casting on [225.0.0.222:54997]...
Player connection [21068] Host joined alternative multi-casting on [225.0.0.222:34997]...
JobSystem: Creating JobQueue using job-worker-count value 5
Input System module state changed to: Initialized.
[Physics::Module] Initialized fallback backend.
[Physics::Module] Id: 0xdecafbad
Library Redirect Path: Library/
[Physics::Module] Selected backend.
[Physics::Module] Name: PhysX
[Physics::Module] Id: 0xf2b8ea05
[Physics::Module] SDK Version: 4.1.2
[Physics::Module] Integration Version: 1.0.0
[Physics::Module] Threading Mode: Multi-Threaded
Refreshing native plugins compatible for Editor in 5.06 ms, found 4 plugins.
Preloading 0 native plugins for Editor in 0.00 ms.
Initialize engine version: 6000.0.58f2 (92dee566b325)
[Subsystems] Discovering subsystems at path C:/Program Files/Unity/Hub/Editor/6000.0.58f2-x86_64/Editor/Data/Resources/UnitySubsystems
[Subsystems] Discovering subsystems at path C:/Users/JordanDrakes/OneDrive - The Academy Charter School/Top-Down-Adventure/Top-Down-Adventure/Totality-(TDA)/Assets
GfxDevice: creating device client; kGfxThreadingModeNonThreaded
Direct3D:
    Version:  Direct3D 11.0 [level 11.1]
    Renderer: Intel(R) UHD Graphics (ID=0xa721)
    Vendor:   Intel
    VRAM:     3938 MB
    Driver:   32.0.101.6881
Initialize mono
Mono path[0] = 'C:/Program Files/Unity/Hub/Editor/6000.0.58f2-x86_64/Editor/Data/Managed'
Mono path[1] = 'C:/Program Files/Unity/Hub/Editor/6000.0.58f2-x86_64/Editor/Data/MonoBleedingEdge/lib/mono/unityjit-win32'
Mono config path = 'C:/Program Files/Unity/Hub/Editor/6000.0.58f2-x86_64/Editor/Data/MonoBleedingEdge/etc'
Using monoOptions --debugger-agent=transport=dt_socket,embedding=1,server=y,suspend=n,address=127.0.0.1:56184
Begin MonoManager ReloadAssembly
Registering precompiled unity dll's ...
Register platform support module: C:/Program Files/Unity/Hub/Editor/6000.0.58f2-x86_64/Editor/Data/PlaybackEngines/WindowsStandaloneSupport/UnityEditor.WindowsStandalone.Extensions.dll
Register platform support module: C:/Program Files/Unity/Hub/Editor/6000.0.58f2-x86_64/Editor/Data/PlaybackEngines/iOSSupport/UnityEditor.iOS.Extensions.dll
Registered in 0.014141 seconds.
- Loaded All Assemblies, in  1.682 seconds
[usbmuxd] Start listen thread
[usbmuxd] Listen thread started
Native extension for iOS target not found
Native extension for WindowsStandalone target not found
Mono: successfully reloaded assembly
- Finished resetting the current domain, in  1.471 seconds
Domain Reload Profiling: 3143ms
	BeginReloadAssembly (665ms)
		ExecutionOrderSort (0ms)
		DisableScriptedObjects (0ms)
		BackupInstance (0ms)
		ReleaseScriptingObjects (0ms)
		CreateAndSetChildDomain (6ms)
	RebuildCommonClasses (155ms)
	RebuildNativeTypeToScriptingClass (37ms)
	initialDomainReloadingComplete (218ms)
	LoadAllAssembliesAndSetupDomain (597ms)
		LoadAssemblies (650ms)
		RebuildTransferFunctionScriptingTraits (0ms)
		AnalyzeDomain (582ms)
			TypeCache.Refresh (576ms)
				TypeCache.ScanAssembly (526ms)
			BuildScriptInfoCaches (1ms)
			ResolveRequiredComponents (2ms)
	FinalizeReload (1472ms)
		ReleaseScriptCaches (0ms)
		RebuildScriptCaches (0ms)
		SetupLoadedEditorAssemblies (1322ms)
			LogAssemblyErrors (0ms)
			InitializePlatformSupportModulesInManaged (241ms)
			SetLoadedEditorAssemblies (13ms)
			BeforeProcessingInitializeOnLoad (276ms)
			ProcessInitializeOnLoadAttributes (576ms)
			ProcessInitializeOnLoadMethodAttributes (215ms)
			AfterProcessingInitializeOnLoad (0ms)
			EditorAssembliesLoaded (0ms)
		ExecutionOrderSort2 (0ms)
		AwakeInstancesAfterBackupRestoration (0ms)
========================================================================
Worker process is ready to serve import requests
Import Worker Mode flag is 0x00
Begin MonoManager ReloadAssembly
DirectoryNotFoundException: Could not find a part of the path "C:\Users\JordanDrakes\OneDrive - The Academy Charter School\Top-Down-Adventure\Top-Down-Adventure\Totality-(TDA)\Library\PackageCache\com.unity.visualscripting@6279e2b7c485\Editor\VisualScripting.Core\Dependencies\YamlDotNet\Unity.VisualScripting.YamlDotNet.dll"
  at System.IO.FileStream..ctor (System.String path, System.IO.FileMode mode, System.IO.FileAccess access, System.IO.FileShare share, System.Int32 bufferSize, System.Boolean anonymous, System.IO.FileOptions options) [0x0019e] in <152439c387994a8da523328132967f8d>:0 
  at System.IO.FileStream..ctor (System.String path, System.IO.FileMode mode, System.IO.FileAccess access, System.IO.FileShare share) [0x00000] in <152439c387994a8da523328132967f8d>:0 
  at (wrapper remoting-invoke-with-check) System.IO.FileStream..ctor(string,System.IO.FileMode,System.IO.FileAccess,System.IO.FileShare)
  at Mono.Cecil.ModuleDefinition.GetFileStream (System.String fileName, System.IO.FileMode mode, System.IO.FileAccess access, System.IO.FileShare share) [0x00006] in <a6860a9f6366437387ebdc1f225b7fd4>:0 
  at Mono.Cecil.ModuleDefinition.ReadModule (System.String fileName, Mono.Cecil.ReaderParameters parameters) [0x00008] in <a6860a9f6366437387ebdc1f225b7fd4>:0 
  at Mono.Cecil.AssemblyDefinition.ReadAssembly (System.String fileName, Mono.Cecil.ReaderParameters parameters) [0x00000] in <a6860a9f6366437387ebdc1f225b7fd4>:0 
  at UnityEditor.AssemblyValidation.LoadAssemblyDefinitions (System.String[] assemblyPaths, System.String[] searchPaths) [0x00048] in <5818bc53b12b4560b54110897827736e>:0 
  at UnityEditor.AssemblyValidation.ValidateAssemblies (System.String[] assemblyPaths, System.Boolean enableLogging) [0x00007] in <5818bc53b12b4560b54110897827736e>:0 

- Loaded All Assemblies, in  2.743 seconds
Refreshing native plugins compatible for Editor in 5.74 ms, found 4 plugins.
Native extension for iOS target not found
Native extension for WindowsStandalone target not found
Package Manager log level set to [2]
[Package Manager] Failed to launch server process. Reason: Unity was launched with the -noUpm command-line argument
[Package Manager] Unable to send message (not connected to server process).
[Package Manager] Cannot connect to Unity Package Manager local server
Mono: successfully reloaded assembly
- Finished resetting the current domain, in  2.683 seconds
Domain Reload Profiling: 5415ms
	BeginReloadAssembly (472ms)
		ExecutionOrderSort (0ms)
		DisableScriptedObjects (11ms)
		BackupInstance (0ms)
		ReleaseScriptingObjects (0ms)
		CreateAndSetChildDomain (77ms)
	RebuildCommonClasses (107ms)
	RebuildNativeTypeToScriptingClass (44ms)
	initialDomainReloadingComplete (100ms)
	LoadAllAssembliesAndSetupDomain (2008ms)
		LoadAssemblies (975ms)
		RebuildTransferFunctionScriptingTraits (0ms)
		AnalyzeDomain (1311ms)
			TypeCache.Refresh (829ms)
				TypeCache.ScanAssembly (746ms)
			BuildScriptInfoCaches (431ms)
			ResolveRequiredComponents (40ms)
	FinalizeReload (2684ms)
		ReleaseScriptCaches (0ms)
		RebuildScriptCaches (0ms)
		SetupLoadedEditorAssemblies (2213ms)
			LogAssemblyErrors (0ms)
			InitializePlatformSupportModulesInManaged (29ms)
			SetLoadedEditorAssemblies (17ms)
			BeforeProcessingInitializeOnLoad (442ms)
			ProcessInitializeOnLoadAttributes (1266ms)
			ProcessInitializeOnLoadMethodAttributes (446ms)
			AfterProcessingInitializeOnLoad (13ms)
			EditorAssembliesLoaded (0ms)
		ExecutionOrderSort2 (0ms)
		AwakeInstancesAfterBackupRestoration (16ms)
Launched and connected shader compiler UnityShaderCompiler.exe after 0.05 seconds
Refreshing native plugins compatible for Editor in 4.95 ms, found 4 plugins.
Preloading 0 native plugins for Editor in 0.00 ms.
Unloading 35 Unused Serialized files (Serialized files now loaded: 0)
Unloading 6717 unused Assets / (6.5 MB). Loaded Objects now: 7381.
Memory consumption went from 148.8 MB to 142.4 MB.
Total: 24.428900 ms (FindLiveObjects: 1.554400 ms CreateObjectMapping: 1.090500 ms MarkObjects: 14.196500 ms  DeleteObjects: 7.584000 ms)

========================================================================
Received Import Request.
  Time since last request: 413860.746455 seconds.
  path: Assets/Art/Tilesets/Ground/New Tile Palette.prefab
  artifactKey: Guid(f5fd5d55cb9e7b94a93ec168c5c68fb0) Importer(815301076,1909f56bfc062723c751e8b465ee728b)
Start importing Assets/Art/Tilesets/Ground/New Tile Palette.prefab using Guid(f5fd5d55cb9e7b94a93ec168c5c68fb0) Importer(815301076,1909f56bfc062723c751e8b465ee728b) (PreviewImporter) -> (artifact id: '46f5fda8bc99b327061daa84fe34f551') in 1.2481326 seconds
Number of updated asset objects reloaded before import = 0Number of asset objects unloaded after import = 13

========================================================================
Received Import Request.
  Time since last request: 39.404723 seconds.
  path: Assets/Art/Tilesets/Ground/TilesetFloor_0.asset
  artifactKey: Guid(074460b5e6137a24a9ae2483ee0b017f) Importer(815301076,1909f56bfc062723c751e8b465ee728b)
Start importing Assets/Art/Tilesets/Ground/TilesetFloor_0.asset using Guid(074460b5e6137a24a9ae2483ee0b017f) Importer(815301076,1909f56bfc062723c751e8b465ee728b) (PreviewImporter) -> (artifact id: '3fa5bfd6b1ab08ebc3b359fcc444e962') in 0.1505948 seconds
Number of updated asset objects reloaded before import = 0Number of asset objects unloaded after import = 3

========================================================================
Received Import Request.
  Time since last request: 21.187550 seconds.
  path: Assets/Art/Tilesets/Ground/TilesetFloor_0.asset
  artifactKey: Guid(074460b5e6137a24a9ae2483ee0b017f) Importer(815301076,1909f56bfc062723c751e8b465ee728b)
Start importing Assets/Art/Tilesets/Ground/TilesetFloor_0.asset using Guid(074460b5e6137a24a9ae2483ee0b017f) Importer(815301076,1909f56bfc062723c751e8b465ee728b) (PreviewImporter) -> (artifact id: '4e5837b8852ce3e9fdddcb2a0630ca2e') in 0.0587791 seconds
Number of updated asset objects reloaded before import = 0Number of asset objects unloaded after import = 3

========================================================================
Received Import Request.
  Time since last request: 28.700894 seconds.
  path: Assets/Art/Tilesets/Ground/TilesetFloor_1.asset
  artifactKey: Guid(d9e10fba40907194abb75522b3d26cfe) Importer(815301076,1909f56bfc062723c751e8b465ee728b)
Start importing Assets/Art/Tilesets/Ground/TilesetFloor_1.asset using Guid(d9e10fba40907194abb75522b3d26cfe) Importer(815301076,1909f56bfc062723c751e8b465ee728b) (PreviewImporter) -> (artifact id: '8821ac6fce7a4c20d51a8bc4feb0f075') in 0.0620115 seconds
Number of updated asset objects reloaded before import = 0Number of asset objects unloaded after import = 3

========================================================================
Received Import Request.
  Time since last request: 0.000111 seconds.
  path: Assets/Art/Tilesets/Ground/TilesetFloor_21.asset
  artifactKey: Guid(da0456912b62126479896c5edd6ceaca) Importer(815301076,1909f56bfc062723c751e8b465ee728b)
Start importing Assets/Art/Tilesets/Ground/TilesetFloor_21.asset using Guid(da0456912b62126479896c5edd6ceaca) Importer(815301076,1909f56bfc062723c751e8b465ee728b) (PreviewImporter) -> (artifact id: '10020a3718146f046f03728e704e19b5') in 0.0642028 seconds
Number of updated asset objects reloaded before import = 0Number of asset objects unloaded after import = 3

========================================================================
Received Import Request.
  Time since last request: 0.000364 seconds.
  path: Assets/Art/Tilesets/Ground/TilesetFloor_17.asset
  artifactKey: Guid(efe460abb646d0148bbcb028fe84ab58) Importer(815301076,1909f56bfc062723c751e8b465ee728b)
Start importing Assets/Art/Tilesets/Ground/TilesetFloor_17.asset using Guid(efe460abb646d0148bbcb028fe84ab58) Importer(815301076,1909f56bfc062723c751e8b465ee728b) (PreviewImporter) -> (artifact id: 'b3a08c1f338610e25ba3e3437df830ab') in 0.0499698 seconds
Number of updated asset objects reloaded before import = 0Number of asset objects unloaded after import = 3

========================================================================
Received Import Request.
  Time since last request: 0.000054 seconds.
  path: Assets/Art/Tilesets/Ground/TilesetFloor_23.asset
  artifactKey: Guid(9561ee50a0bd0b1438fb2fee12840cd9) Importer(815301076,1909f56bfc062723c751e8b465ee728b)
Start importing Assets/Art/Tilesets/Ground/TilesetFloor_23.asset using Guid(9561ee50a0bd0b1438fb2fee12840cd9) Importer(815301076,1909f56bfc062723c751e8b465ee728b) (PreviewImporter) -> (artifact id: 'dd630594a014a0c9b95f58c353500747') in 0.0851757 seconds
Number of updated asset objects reloaded before import = 0Number of asset objects unloaded after import = 3

========================================================================
Received Import Request.
  Time since last request: 0.000056 seconds.
  path: Assets/Art/Tilesets/Ground/TilesetFloor_12.asset
  artifactKey: Guid(ae84050564168d74d9ef156ddf71d64b) Importer(815301076,1909f56bfc062723c751e8b465ee728b)
Start importing Assets/Art/Tilesets/Ground/TilesetFloor_12.asset using Guid(ae84050564168d74d9ef156ddf71d64b) Importer(815301076,1909f56bfc062723c751e8b465ee728b) (PreviewImporter) -> (artifact id: 'd5db33ba781fb50628b1377357718ee5') in 0.0520566 seconds
Number of updated asset objects reloaded before import = 0Number of asset objects unloaded after import = 3

========================================================================
Received Import Request.
  Time since last request: 0.000196 seconds.
  path: Assets/Art/Tilesets/Ground/TilesetFloor_13.asset
  artifactKey: Guid(2c38be0a2e434f6439e98633883a50fc) Importer(815301076,1909f56bfc062723c751e8b465ee728b)
Start importing Assets/Art/Tilesets/Ground/TilesetFloor_13.asset using Guid(2c38be0a2e434f6439e98633883a50fc) Importer(815301076,1909f56bfc062723c751e8b465ee728b) (PreviewImporter) -> (artifact id: '49fc90e3b996c943066ea6e4d12936ac') in 0.0487597 seconds
Number of updated asset objects reloaded before import = 0Number of asset objects unloaded after import = 3

========================================================================
Received Import Request.
  Time since last request: 0.000091 seconds.
  path: Assets/Art/Tilesets/Ground/TilesetFloor_10.asset
  artifactKey: Guid(326c17edd1e29a54f95add6cb9487300) Importer(815301076,1909f56bfc062723c751e8b465ee728b)
Start importing Assets/Art/Tilesets/Ground/TilesetFloor_10.asset using Guid(326c17edd1e29a54f95add6cb9487300) Importer(815301076,1909f56bfc062723c751e8b465ee728b) (PreviewImporter) -> (artifact id: '794471e37432677a48aa6f3ad6531acf') in 0.054812 seconds
Number of updated asset objects reloaded before import = 0Number of asset objects unloaded after import = 3

========================================================================
Received Import Request.
  Time since last request: 0.000084 seconds.
  path: Assets/Art/Tilesets/Ground/TilesetFloor_18.asset
  artifactKey: Guid(ac4a38b015314254babc1eda3a97f56b) Importer(815301076,1909f56bfc062723c751e8b465ee728b)
Start importing Assets/Art/Tilesets/Ground/TilesetFloor_18.asset using Guid(ac4a38b015314254babc1eda3a97f56b) Importer(815301076,1909f56bfc062723c751e8b465ee728b) (PreviewImporter) -> (artifact id: '00a0f1bd53a4382d2456a7447c93f51e') in 0.0593536 seconds
Number of updated asset objects reloaded before import = 0Number of asset objects unloaded after import = 3

========================================================================
Received Import Request.
  Time since last request: 0.000114 seconds.
  path: Assets/Art/Tilesets/Ground/TilesetFloor_11.asset
  artifactKey: Guid(046d58278b740354aa4af7408df6605b) Importer(815301076,1909f56bfc062723c751e8b465ee728b)
Start importing Assets/Art/Tilesets/Ground/TilesetFloor_11.asset using Guid(046d58278b740354aa4af7408df6605b) Importer(815301076,1909f56bfc062723c751e8b465ee728b) (PreviewImporter) -> (artifact id: '7c7bf6d49ae8f4d9ec8091be38386018') in 0.0560453 seconds
Number of updated asset objects reloaded before import = 0Number of asset objects unloaded after import = 3

========================================================================
Received Import Request.
  Time since last request: 0.000091 seconds.
  path: Assets/Art/Tilesets/Ground/TilesetFloor_2.asset
  artifactKey: Guid(d6950ed7c9e517240850f868da473f7e) Importer(815301076,1909f56bfc062723c751e8b465ee728b)
Start importing Assets/Art/Tilesets/Ground/TilesetFloor_2.asset using Guid(d6950ed7c9e517240850f868da473f7e) Importer(815301076,1909f56bfc062723c751e8b465ee728b) (PreviewImporter) -> (artifact id: '3f2d82d6419bcf0b8054eca3e93921e0') in 0.0744621 seconds
Number of updated asset objects reloaded before import = 0Number of asset objects unloaded after import = 3

========================================================================
Received Import Request.
  Time since last request: 0.000085 seconds.
  path: Assets/Art/Tilesets/Ground/TilesetFloor_14.asset
  artifactKey: Guid(31cabaec4e3817d4a8d6e0c1bc3e9f2b) Importer(815301076,1909f56bfc062723c751e8b465ee728b)
Start importing Assets/Art/Tilesets/Ground/TilesetFloor_14.asset using Guid(31cabaec4e3817d4a8d6e0c1bc3e9f2b) Importer(815301076,1909f56bfc062723c751e8b465ee728b) (PreviewImporter) -> (artifact id: '8e13a666005be931a5358913e1944a90') in 0.0573808 seconds
Number of updated asset objects reloaded before import = 0Number of asset objects unloaded after import = 3

========================================================================
Received Import Request.
  Time since last request: 0.000196 seconds.
  path: Assets/Art/Tilesets/Ground/TilesetFloor_15.asset
  artifactKey: Guid(bf849a5a1ccf91f4b95c75fb71e53006) Importer(815301076,1909f56bfc062723c751e8b465ee728b)
Start importing Assets/Art/Tilesets/Ground/TilesetFloor_15.asset using Guid(bf849a5a1ccf91f4b95c75fb71e53006) Importer(815301076,1909f56bfc062723c751e8b465ee728b) (PreviewImporter) -> (artifact id: '4c82ee3c2dd9531d3120ea2d8dce5629') in 0.0569801 seconds
Number of updated asset objects reloaded before import = 0Number of asset objects unloaded after import = 3

========================================================================
Received Import Request.
  Time since last request: 0.000084 seconds.
  path: Assets/Art/Tilesets/Ground/TilesetFloor_25.asset
  artifactKey: Guid(84a26056cb3f42f4cbdeb0b27522f3f7) Importer(815301076,1909f56bfc062723c751e8b465ee728b)
Start importing Assets/Art/Tilesets/Ground/TilesetFloor_25.asset using Guid(84a26056cb3f42f4cbdeb0b27522f3f7) Importer(815301076,1909f56bfc062723c751e8b465ee728b) (PreviewImporter) -> (artifact id: 'ca8bee04c8ebf237d280ae92f62fc879') in 0.0568645 seconds
Number of updated asset objects reloaded before import = 0Number of asset objects unloaded after import = 3

========================================================================
Received Import Request.
  Time since last request: 0.000244 seconds.
  path: Assets/Art/Tilesets/Ground/TilesetFloor_20.asset
  artifactKey: Guid(fa63efe6d13f89c45bfc89ee498fbf88) Importer(815301076,1909f56bfc062723c751e8b465ee728b)
Start importing Assets/Art/Tilesets/Ground/TilesetFloor_20.asset using Guid(fa63efe6d13f89c45bfc89ee498fbf88) Importer(815301076,1909f56bfc062723c751e8b465ee728b) (PreviewImporter) -> (artifact id: '4e055e84d279e4f51bf849557f85ebd5') in 0.0523438 seconds
Number of updated asset objects reloaded before import = 0Number of asset objects unloaded after import = 3

========================================================================
Received Import Request.
  Time since last request: 4011.610824 seconds.
  path: Assets/Art/Tilesets/Ground/TilesetFloor_27.asset
  artifactKey: Guid(f2e6ac8e08b28574f8b013607377ccf1) Importer(815301076,1909f56bfc062723c751e8b465ee728b)
Start importing Assets/Art/Tilesets/Ground/TilesetFloor_27.asset using Guid(f2e6ac8e08b28574f8b013607377ccf1) Importer(815301076,1909f56bfc062723c751e8b465ee728b) (PreviewImporter) -> (artifact id: 'da92a0e9cfa390ee22819ee3cf1caa61') in 0.1421225 seconds
Number of updated asset objects reloaded before import = 0Number of asset objects unloaded after import = 3

========================================================================
Received Import Request.
  Time since last request: 0.001169 seconds.
  path: Assets/Art/Tilesets/Ground/TilesetFloor_29.asset
  artifactKey: Guid(2eb0e4ee143e1b341ad4e91b64e3ddd0) Importer(815301076,1909f56bfc062723c751e8b465ee728b)
Start importing Assets/Art/Tilesets/Ground/TilesetFloor_29.asset using Guid(2eb0e4ee143e1b341ad4e91b64e3ddd0) Importer(815301076,1909f56bfc062723c751e8b465ee728b) (PreviewImporter) -> (artifact id: 'e7357536a3ece5223bfe58d4e4ec5605') in 0.0713866 seconds
Number of updated asset objects reloaded before import = 0Number of asset objects unloaded after import = 3

========================================================================
Received Import Request.
  Time since last request: 0.000055 seconds.
  path: Assets/Art/Tilesets/Ground/TilesetFloor_36.asset
  artifactKey: Guid(c64aa0ceeb416e642b35b6b559c4fdf8) Importer(815301076,1909f56bfc062723c751e8b465ee728b)
Start importing Assets/Art/Tilesets/Ground/TilesetFloor_36.asset using Guid(c64aa0ceeb416e642b35b6b559c4fdf8) Importer(815301076,1909f56bfc062723c751e8b465ee728b) (PreviewImporter) -> (artifact id: '6f36e53307f6f52f05bf5aabd7adfc6e') in 0.0627633 seconds
Number of updated asset objects reloaded before import = 0Number of asset objects unloaded after import = 3

========================================================================
Received Import Request.
  Time since last request: 0.000058 seconds.
  path: Assets/Art/Tilesets/Ground/TilesetFloor_52.asset
  artifactKey: Guid(171d2ea02438b82438db7bc41751882e) Importer(815301076,1909f56bfc062723c751e8b465ee728b)
Start importing Assets/Art/Tilesets/Ground/TilesetFloor_52.asset using Guid(171d2ea02438b82438db7bc41751882e) Importer(815301076,1909f56bfc062723c751e8b465ee728b) (PreviewImporter) -> (artifact id: '71f2e504cb8d5138c294376911a0c1b4') in 0.0725039 seconds
Number of updated asset objects reloaded before import = 0Number of asset objects unloaded after import = 3

========================================================================
Received Import Request.
  Time since last request: 0.000040 seconds.
  path: Assets/Art/Tilesets/Ground/TilesetFloor_40.asset
  artifactKey: Guid(0f90b3b1e527f8a45a76a8f32b0f5f06) Importer(815301076,1909f56bfc062723c751e8b465ee728b)
Start importing Assets/Art/Tilesets/Ground/TilesetFloor_40.asset using Guid(0f90b3b1e527f8a45a76a8f32b0f5f06) Importer(815301076,1909f56bfc062723c751e8b465ee728b) (PreviewImporter) -> (artifact id: 'a189919130542583240fd9ca985de7a3') in 0.0771675 seconds
Number of updated asset objects reloaded before import = 0Number of asset objects unloaded after import = 3

========================================================================
Received Import Request.
  Time since last request: 0.000101 seconds.
  path: Assets/Art/Tilesets/Ground/TilesetFloor_54.asset
  artifactKey: Guid(e74271308daba9f4585564fd53fcaf9e) Importer(815301076,1909f56bfc062723c751e8b465ee728b)
Start importing Assets/Art/Tilesets/Ground/TilesetFloor_54.asset using Guid(e74271308daba9f4585564fd53fcaf9e) Importer(815301076,1909f56bfc062723c751e8b465ee728b) (PreviewImporter) -> (artifact id: '64a4cfcf0d5c5e885c090cb18ed62941') in 0.0774149 seconds
Number of updated asset objects reloaded before import = 0Number of asset objects unloaded after import = 3

========================================================================
Received Import Request.
  Time since last request: 0.000059 seconds.
  path: Assets/Art/Tilesets/Ground/TilesetFloor_41.asset
  artifactKey: Guid(322ae41ddb376d14db724cd200d92da2) Importer(815301076,1909f56bfc062723c751e8b465ee728b)
Start importing Assets/Art/Tilesets/Ground/TilesetFloor_41.asset using Guid(322ae41ddb376d14db724cd200d92da2) Importer(815301076,1909f56bfc062723c751e8b465ee728b) (PreviewImporter) -> (artifact id: 'f7faf558f3f3a3400ffbc6ef97ad8522') in 0.0711316 seconds
Number of updated asset objects reloaded before import = 0Number of asset objects unloaded after import = 3

========================================================================
Received Import Request.
  Time since last request: 0.000045 seconds.
  path: Assets/Art/Tilesets/Ground/TilesetFloor_53.asset
  artifactKey: Guid(9176e181cce77eb4abdd42845309fb91) Importer(815301076,1909f56bfc062723c751e8b465ee728b)
Start importing Assets/Art/Tilesets/Ground/TilesetFloor_53.asset using Guid(9176e181cce77eb4abdd42845309fb91) Importer(815301076,1909f56bfc062723c751e8b465ee728b) (PreviewImporter) -> (artifact id: '0e0c75c560a0f69d51c3ee868abf521e') in 0.0978969 seconds
Number of updated asset objects reloaded before import = 0Number of asset objects unloaded after import = 3

========================================================================
Received Import Request.
  Time since last request: 0.000079 seconds.
  path: Assets/Art/Tilesets/Ground/TilesetFloor_38.asset
  artifactKey: Guid(b3d6cabdd96c03241a39183f1a965e68) Importer(815301076,1909f56bfc062723c751e8b465ee728b)
Start importing Assets/Art/Tilesets/Ground/TilesetFloor_38.asset using Guid(b3d6cabdd96c03241a39183f1a965e68) Importer(815301076,1909f56bfc062723c751e8b465ee728b) (PreviewImporter) -> (artifact id: 'fd25bb7a3d1320f7896006ed45ae38f6') in 0.079704 seconds
Number of updated asset objects reloaded before import = 0Number of asset objects unloaded after import = 3

========================================================================
Received Import Request.
  Time since last request: 0.000053 seconds.
  path: Assets/Art/Tilesets/Ground/TilesetFloor_49.asset
  artifactKey: Guid(b8b73f93bb92f574680a0d9d158d4544) Importer(815301076,1909f56bfc062723c751e8b465ee728b)
Start importing Assets/Art/Tilesets/Ground/TilesetFloor_49.asset using Guid(b8b73f93bb92f574680a0d9d158d4544) Importer(815301076,1909f56bfc062723c751e8b465ee728b) (PreviewImporter) -> (artifact id: 'e8a59b337c7e7b0b90ccb0f4654dfc12') in 0.0722916 seconds
Number of updated asset objects reloaded before import = 0Number of asset objects unloaded after import = 3

========================================================================
Received Import Request.
  Time since last request: 0.000087 seconds.
  path: Assets/Art/Tilesets/Ground/TilesetFloor_44.asset
  artifactKey: Guid(65d52b2ef88de9a45939443a5bdcad03) Importer(815301076,1909f56bfc062723c751e8b465ee728b)
Start importing Assets/Art/Tilesets/Ground/TilesetFloor_44.asset using Guid(65d52b2ef88de9a45939443a5bdcad03) Importer(815301076,1909f56bfc062723c751e8b465ee728b) (PreviewImporter) -> (artifact id: '0126c868c562c1f1ed673f4aca023075') in 0.0739184 seconds
Number of updated asset objects reloaded before import = 0Number of asset objects unloaded after import = 3

========================================================================
Received Import Request.
  Time since last request: 0.000081 seconds.
  path: Assets/Art/Tilesets/Ground/TilesetFloor_55.asset
  artifactKey: Guid(9cf7f28af9a838e47bc98562d3066e56) Importer(815301076,1909f56bfc062723c751e8b465ee728b)
Start importing Assets/Art/Tilesets/Ground/TilesetFloor_55.asset using Guid(9cf7f28af9a838e47bc98562d3066e56) Importer(815301076,1909f56bfc062723c751e8b465ee728b) (PreviewImporter) -> (artifact id: '9c74a7ae8395bfbe721095b76a34e6b8') in 0.0715964 seconds
Number of updated asset objects reloaded before import = 0Number of asset objects unloaded after import = 3

========================================================================
Received Import Request.
  Time since last request: 0.000040 seconds.
  path: Assets/Art/Tilesets/Ground/TilesetFloor_45.asset
  artifactKey: Guid(c7250da1bae3005448a5dd1b3fdf6719) Importer(815301076,1909f56bfc062723c751e8b465ee728b)
Start importing Assets/Art/Tilesets/Ground/TilesetFloor_45.asset using Guid(c7250da1bae3005448a5dd1b3fdf6719) Importer(815301076,1909f56bfc062723c751e8b465ee728b) (PreviewImporter) -> (artifact id: 'e6fd007c74f4fad9c142a5c0a0d3681a') in 0.0683219 seconds
Number of updated asset objects reloaded before import = 0Number of asset objects unloaded after import = 3

========================================================================
Received Import Request.
  Time since last request: 0.000086 seconds.
  path: Assets/Art/Tilesets/Ground/TilesetFloor_33.asset
  artifactKey: Guid(5924c8270f755754f9f2305140fd4d71) Importer(815301076,1909f56bfc062723c751e8b465ee728b)
Start importing Assets/Art/Tilesets/Ground/TilesetFloor_33.asset using Guid(5924c8270f755754f9f2305140fd4d71) Importer(815301076,1909f56bfc062723c751e8b465ee728b) (PreviewImporter) -> (artifact id: '20353aeeef5013f88e684613bbca6cc3') in 0.07338 seconds
Number of updated asset objects reloaded before import = 0Number of asset objects unloaded after import = 3

========================================================================
Received Import Request.
  Time since last request: 0.000054 seconds.
  path: Assets/Art/Tilesets/Ground/TilesetFloor_48.asset
  artifactKey: Guid(b7d22b01da293d842810d23fa9fa40ba) Importer(815301076,1909f56bfc062723c751e8b465ee728b)
Start importing Assets/Art/Tilesets/Ground/TilesetFloor_48.asset using Guid(b7d22b01da293d842810d23fa9fa40ba) Importer(815301076,1909f56bfc062723c751e8b465ee728b) (PreviewImporter) -> (artifact id: '6ef05352faa9327bbeba7e6a290e3a99') in 0.0710886 seconds
Number of updated asset objects reloaded before import = 0Number of asset objects unloaded after import = 3

========================================================================
Received Import Request.
  Time since last request: 0.000057 seconds.
  path: Assets/Art/Tilesets/Ground/TilesetFloor_57.asset
  artifactKey: Guid(c23a7cf450ade804a89f2623e5930705) Importer(815301076,1909f56bfc062723c751e8b465ee728b)
Start importing Assets/Art/Tilesets/Ground/TilesetFloor_57.asset using Guid(c23a7cf450ade804a89f2623e5930705) Importer(815301076,1909f56bfc062723c751e8b465ee728b) (PreviewImporter) -> (artifact id: 'c1e9860c3d9c15651511184c7f48ad34') in 0.0786045 seconds
Number of updated asset objects reloaded before import = 0Number of asset objects unloaded after import = 3

========================================================================
Received Import Request.
  Time since last request: 0.000074 seconds.
  path: Assets/Art/Tilesets/Ground/TilesetFloor_31.asset
  artifactKey: Guid(6d1c8c617f61af5429178ce26205171f) Importer(815301076,1909f56bfc062723c751e8b465ee728b)
Start importing Assets/Art/Tilesets/Ground/TilesetFloor_31.asset using Guid(6d1c8c617f61af5429178ce26205171f) Importer(815301076,1909f56bfc062723c751e8b465ee728b) (PreviewImporter) -> (artifact id: '093ecc47a73e49806df00090862a32c1') in 0.066015 seconds
Number of updated asset objects reloaded before import = 0Number of asset objects unloaded after import = 3

========================================================================
Received Import Request.
  Time since last request: 0.000077 seconds.
  path: Assets/Art/Tilesets/Ground/TilesetFloor_42.asset
  artifactKey: Guid(8795031a0ffaa0f498391b99d6e11b1d) Importer(815301076,1909f56bfc062723c751e8b465ee728b)
Start importing Assets/Art/Tilesets/Ground/TilesetFloor_42.asset using Guid(8795031a0ffaa0f498391b99d6e11b1d) Importer(815301076,1909f56bfc062723c751e8b465ee728b) (PreviewImporter) -> (artifact id: '52f7c7a34aa07ad6a55725e519a0b44c') in 0.0696113 seconds
Number of updated asset objects reloaded before import = 0Number of asset objects unloaded after import = 3

========================================================================
Received Import Request.
  Time since last request: 0.000054 seconds.
  path: Assets/Art/Tilesets/Ground/TilesetFloor_32.asset
  artifactKey: Guid(5dda372d1835a7d4f85b1fb37ad9599c) Importer(815301076,1909f56bfc062723c751e8b465ee728b)
Start importing Assets/Art/Tilesets/Ground/TilesetFloor_32.asset using Guid(5dda372d1835a7d4f85b1fb37ad9599c) Importer(815301076,1909f56bfc062723c751e8b465ee728b) (PreviewImporter) -> (artifact id: '153fbe7a74979e3b99b4a94867db314b') in 0.0590532 seconds
Number of updated asset objects reloaded before import = 0Number of asset objects unloaded after import = 3

========================================================================
Received Import Request.
  Time since last request: 6.618368 seconds.
  path: Assets/Art/Tilesets/Ground/TilesetFloor_63.asset
  artifactKey: Guid(4bdfd00f20a11dc44900964dd7210da4) Importer(815301076,1909f56bfc062723c751e8b465ee728b)
Start importing Assets/Art/Tilesets/Ground/TilesetFloor_63.asset using Guid(4bdfd00f20a11dc44900964dd7210da4) Importer(815301076,1909f56bfc062723c751e8b465ee728b) (PreviewImporter) -> (artifact id: 'f5832b41abd8a9480b6e68dc21c8df16') in 0.0712024 seconds
Number of updated asset objects reloaded before import = 0Number of asset objects unloaded after import = 3

========================================================================
Received Import Request.
  Time since last request: 0.000037 seconds.
  path: Assets/Art/Tilesets/Ground/TilesetFloor_69.asset
  artifactKey: Guid(7959b862b1522de46a0a84fe17e12480) Importer(815301076,1909f56bfc062723c751e8b465ee728b)
Start importing Assets/Art/Tilesets/Ground/TilesetFloor_69.asset using Guid(7959b862b1522de46a0a84fe17e12480) Importer(815301076,1909f56bfc062723c751e8b465ee728b) (PreviewImporter) -> (artifact id: 'd038c9a01510c28e4b6e15f088455e0b') in 0.0679237 seconds
Number of updated asset objects reloaded before import = 0Number of asset objects unloaded after import = 3

========================================================================
Received Import Request.
  Time since last request: 0.000046 seconds.
  path: Assets/Art/Tilesets/Ground/TilesetFloor_65.asset
  artifactKey: Guid(2a553177efc671f4388a9e258c74576c) Importer(815301076,1909f56bfc062723c751e8b465ee728b)
Start importing Assets/Art/Tilesets/Ground/TilesetFloor_65.asset using Guid(2a553177efc671f4388a9e258c74576c) Importer(815301076,1909f56bfc062723c751e8b465ee728b) (PreviewImporter) -> (artifact id: 'b2c665a94e0ea59736cb44cce7620db8') in 0.0765968 seconds
Number of updated asset objects reloaded before import = 0Number of asset objects unloaded after import = 3

========================================================================
Received Import Request.
  Time since last request: 0.000052 seconds.
  path: Assets/Art/Tilesets/Ground/TilesetFloor_67.asset
  artifactKey: Guid(3c102a5e70db7c8468fcbbbbaeb65b4a) Importer(815301076,1909f56bfc062723c751e8b465ee728b)
Start importing Assets/Art/Tilesets/Ground/TilesetFloor_67.asset using Guid(3c102a5e70db7c8468fcbbbbaeb65b4a) Importer(815301076,1909f56bfc062723c751e8b465ee728b) (PreviewImporter) -> (artifact id: '78df66b19647c0576b6a0a6ab0b33e26') in 0.0677521 seconds
Number of updated asset objects reloaded before import = 0Number of asset objects unloaded after import = 3

Editor requested this worker to shutdown with reason: Scaling down because of idle timeout
AssetImportWorker is now disconnected from the server
Process exiting
Exiting without the bug reporter. Application will terminate with return code 0